interactions:
- request:
    body: username=blah2%40gmail.com&password=wrongpassword
    headers:
      Accept:
      - '*/*'
      Accept-Encoding:
      - gzip, deflate
      Connection:
      - keep-alive
      Content-Length:
      - '49'
      Content-Type:
      - application/x-www-form-urlencoded
      User-Agent:
      - python-requests/2.22.0
    method: POST
    uri: https://www.instapaper.com/api/authenticate
  response:
    body:
      string: '403'
    headers:
      Connection:
      - keep-alive
      Content-Length:
      - '3'
      Content-Type:
      - text/html; charset=UTF-8
      Date:
      - Sat, 07 Mar 2020 23:29:50 GMT
      Server:
      - nginx/1.16.1
    status:
      code: 403
      message: Forbidden
version: 1
