interactions:
- request:
    body: null
    headers:
      Authorization:
      - !!binary |
        QVdTNC1ITUFDLVNIQTI1NiBDcmVkZW50aWFsPUFLSUEyR1ozWEYySjVBTUNVQ1RLLzIwMjAwMzE5
        L3VzLXdlc3QtMS9zMy9hd3M0X3JlcXVlc3QsIFNpZ25lZEhlYWRlcnM9aG9zdDt4LWFtei1jb250
        ZW50LXNoYTI1Njt4LWFtei1kYXRlLCBTaWduYXR1cmU9NDg2MTk2MjNlNzJjNjk1ZGFmNDA4MTJi
        MzJkZjliZmU0ODFkOWEyZjY1MjgyODJiY2IyMjM0MmYwNDA5MjliOA==
      User-Agent:
      - !!binary |
        Qm90bzMvMS4xMi4xNSBQeXRob24vMy43LjYgTGludXgvNC4xOS43Ni1saW51eGtpdCBCb3RvY29y
        ZS8xLjE1LjE1IFJlc291cmNl
      X-Amz-Content-SHA256:
      - !!binary |
        ZTNiMGM0NDI5OGZjMWMxNDlhZmJmNGM4OTk2ZmI5MjQyN2FlNDFlNDY0OWI5MzRjYTQ5NTk5MWI3
        ODUyYjg1NQ==
      X-Amz-Date:
      - !!binary |
        MjAyMDAzMTlUMTgyNTA3Wg==
    method: HEAD
    uri: https://pulphtml-test.s3.us-west-1.amazonaws.com/4995ed99d26c34d04196.html
  response:
    body:
      string: ''
    headers:
      Content-Type:
      - application/xml
      Date:
      - Thu, 19 Mar 2020 18:25:07 GMT
      Server:
      - AmazonS3
      Transfer-Encoding:
      - chunked
      x-amz-id-2:
      - sdScdhIWwEcXKd4uRlHd6uG110i1V5VKofCc7Scpjx/GKXZEwmh0mD7upd8/koR0nVCBGcVxdHo=
      x-amz-request-id:
      - 232B10FAB6AFFA4B
    status:
      code: 404
      message: Not Found
version: 1
