interactions:
- request:
    body: consumer_key=89637-221483d05a2ec63b063254ae&access_token=invalidtoken&state=unread
    headers:
      Accept:
      - '*/*'
      Accept-Encoding:
      - gzip, deflate
      Connection:
      - keep-alive
      Content-Length:
      - '82'
      Content-Type:
      - application/x-www-form-urlencoded
      User-Agent:
      - python-requests/2.22.0
    method: POST
    uri: https://getpocket.com/v3/get
  response:
    body:
      string: 401 Unauthorized
    headers:
      Connection:
      - keep-alive
      Content-Length:
      - '16'
      Content-Type:
      - text/html; charset=UTF-8
      Date:
      - Sat, 21 Mar 2020 06:26:07 GMT
      P3P:
      - policyref="/w3c/p3p.xml", CP="ALL CURa ADMa DEVa OUR IND UNI COM NAV INT STA
        PRE"
      Server:
      - Apache/2.4.25 (Debian)
      Set-Cookie:
      - PHPSESSID=ac07f0c9798f566b97ec84e0e837ea8b; path=/; HttpOnly
      - AUTH_BEARER_default=eyJ0eXAiOiJKV1QiLCJhbGciOiJSUzUxMiJ9.eyJpYXQiOjE1ODQ3NzE5NjcsImp0aSI6IlB2NG10UzNNUUNLMkhXR1o3bWdLcTZHdGU3bFhVcVczR2hzOW9sMHpFMms9IiwiaXNzIjoiZ2V0cG9ja2V0LmNvbSIsIm5iZiI6MTU4NDc3MTk2NywiZXhwIjoxNTg0Nzc1NTY3LCJkYXRhIjoiX3NmMl9hdHRyaWJ1dGVzfGE6MDp7fV9zeW1mb255X2ZsYXNoZXN8YTowOnt9X3NmMl9tZXRhfGE6Mzp7czoxOlwidVwiO2k6MTU4NDc3MTk2NztzOjE6XCJjXCI7aToxNTg0NzcxOTY3O3M6MTpcImxcIjtzOjE6XCIwXCI7fSJ9.Wo0MVYpBN302vDDvxzZrGuDzmwPjt-NcjV0TbCNEPKgw6owcV3Rpzlq9TW41z8XNjMOiaUJI55YJTO3K3uOeMLrxfs3lyxsmljHQWzcCMpyy4MaSlFRTV7kiaYtp1kkrqtL6uMVtVvcHX-lHpaLbiKd1hPlQrYN_q2-S4jdulLH3T1891WPmfl3QxcifD0-ux9dYQi3ZQvjLTmm9xhv78bO-f00-pg4EaYQLwMT5TWN8BLxdz37ete64S4IdX95RUScBL3OympXWDmQtZeoy8w63MY2oa9X9G2t9vNTm5JkvwG7FVKQZMNo9dYd5Ay9XPlyEVle8je0T62JX8d-5ZA;
        expires=Sat, 21-Mar-2020 07:26:07 GMT; Max-Age=3600; path=/; httponly
      Status:
      - 401 Unauthorized
      X-Error:
      - A valid access token is required to access the requested API endpoint.
      X-Error-Code:
      - '107'
      X-Frame-Options:
      - SAMEORIGIN
      X-Limit-Key-Limit:
      - '10000'
      X-Limit-Key-Remaining:
      - '9993'
      X-Limit-Key-Reset:
      - '1909'
      X-Source:
      - Pocket
    status:
      code: 401
      message: Unauthorized
version: 1
