interactions:
- request:
    body: consumer_key=89637-221483d05a2ec63b063254ae&access_token=8aabb187-be11-3c9c-9aff-817383&state=unread
    headers:
      Accept:
      - '*/*'
      Accept-Encoding:
      - gzip, deflate
      Connection:
      - keep-alive
      Content-Length:
      - '100'
      Content-Type:
      - application/x-www-form-urlencoded
      User-Agent:
      - python-requests/2.22.0
    method: POST
    uri: https://getpocket.com/v3/get
  response:
    body:
      string: '{"status":1,"complete":1,"list":{"2920208794":{"item_id":"2920208794","resolved_id":"2920208794","given_url":"https:\/\/www.reuters.com\/article\/us-health-coronavirus-usa-visas-idUSKBN2153NP","given_title":"","favorite":"0","status":"0","time_added":"1584692916","time_updated":"1584692916","time_read":"0","time_favorited":"0","sort_id":0,"resolved_title":"U.S.
        suspending visa services worldwide due to coronavirus - State Dept","resolved_url":"https:\/\/www.reuters.com\/article\/us-health-coronavirus-usa-visas-idUSKBN2153NP","excerpt":"WASHINGTON
        (Reuters) - The United States is suspending all routine immigrant and non-immigrant
        visa services as of Wednesday in most countries worldwide due to coronavirus
        outbreak, a spokeswoman for the State Department said.","is_article":"1","is_index":"0","has_video":"0","has_image":"0","word_count":"89","lang":"en","amp_url":"https:\/\/mobile.reuters.com\/article\/amp\/idUSKBN2153NP","top_image_url":"https:\/\/s4.reutersmedia.net\/resources_v2\/images\/rcom-default.png","domain_metadata":{"name":"Reuters","logo":"https:\/\/logo.clearbit.com\/reuters.com?size=800","greyscale_logo":"https:\/\/logo.clearbit.com\/reuters.com?size=800&greyscale=true"},"listen_duration_estimate":34},"2909699366":{"item_id":"2909699366","resolved_id":"2909699366","given_url":"https:\/\/davnicwil.com\/when-to-copy-ideas-when-to-steal-ideas\/","given_title":"","favorite":"0","status":"0","time_added":"1584692907","time_updated":"1584692907","time_read":"0","time_favorited":"0","sort_id":1,"resolved_title":"When
        to Copy Ideas, When to Steal Ideas","resolved_url":"https:\/\/davnicwil.com\/when-to-copy-ideas-when-to-steal-ideas","excerpt":"\"Good
        artists copy. Great artists steal\" plays on a truth that whenever we build
        something new, we''re really building upon what''s currently there, and that
        ought to be acknowledged and embraced unashamedly. It provocatively contradicts
        a pure notion of creativity we pretend is the case publicly.","is_article":"1","is_index":"0","has_video":"0","has_image":"0","word_count":"449","lang":"en","listen_duration_estimate":174},"602362328":{"item_id":"602362328","resolved_id":"602362328","given_url":"https:\/\/www.wired.com\/2009\/10\/youtube-bandwidth\/","given_title":"","favorite":"0","status":"0","time_added":"1584692901","time_updated":"1584692901","time_read":"0","time_favorited":"0","sort_id":2,"resolved_title":"YouTube''s
        Bandwidth Bill Is Zero. Welcome to the New Net","resolved_url":"https:\/\/www.wired.com\/2009\/10\/youtube-bandwidth\/","excerpt":"YouTube
        may pay less to be online than you do, a new report on internet connectivity
        suggests, calling into question a recent analysis arguing Google''s popular
        video service is bleeding money and demonstrating how the internet has continued
        to morph to fit user''s behavior.","is_article":"1","is_index":"0","has_video":"0","has_image":"1","word_count":"970","lang":"en","time_to_read":4,"amp_url":"https:\/\/www.wired.com\/2009\/10\/youtube-bandwidth\/amp","top_image_url":"https:\/\/media.wired.com\/photos\/59337d592a38e4432c4b9b0c\/191:100\/pass\/revenue-from-internet-trans.gif","domain_metadata":{"name":"WIRED","logo":"https:\/\/logo.clearbit.com\/wired.com?size=800","greyscale_logo":"https:\/\/logo.clearbit.com\/wired.com?size=800&greyscale=true"},"listen_duration_estimate":375},"2921314733":{"item_id":"2921314733","resolved_id":"2921314733","given_url":"https:\/\/cyber.fsi.stanford.edu\/news\/chinese-state-media-shapes-coronavirus-convo","given_title":"","favorite":"0","status":"0","time_added":"1584692889","time_updated":"1584692889","time_read":"0","time_favorited":"0","sort_id":3,"resolved_title":"Pandemics
        & Propaganda: How Chinese State Media Shapes Conversations on The Coronavirus","resolved_url":"https:\/\/cyber.fsi.stanford.edu\/news\/chinese-state-media-shapes-coronavirus-convo","excerpt":"The
        perception of China\u2019s handling of the coronavirus pandemic has been a
        significant challenge for the Chinese Communist Party (CCP) over the past
        two months. The CCP has been attempting to control the narrative and deflect
        blame since the start of the outbreak, both domestically and abroad.","is_article":"1","is_index":"0","has_video":"0","has_image":"1","word_count":"1742","lang":"en","time_to_read":8,"top_image_url":"https:\/\/fsi-live.s3.us-west-1.amazonaws.com\/s3fs-public\/styles\/epsa_crop\/public\/07_li_wenliang_posts_copy.png","listen_duration_estimate":674},"2921701365":{"item_id":"2921701365","resolved_id":"2921701365","given_url":"https:\/\/www.usatoday.com\/story\/news\/politics\/2020\/03\/19\/reports-burr-loeffler-sold-stocks-ahead-coronavirus-marketcrash\/2882006001\/","given_title":"","favorite":"0","status":"0","time_added":"1584692874","time_updated":"1584692874","time_read":"0","time_favorited":"0","sort_id":4,"resolved_title":"GOP
        senators sold off their stocks ahead of coronavirus economic crash, reports
        say","resolved_url":"https:\/\/www.usatoday.com\/story\/news\/politics\/2020\/03\/19\/reports-burr-loeffler-sold-stocks-ahead-coronavirus-marketcrash\/2882006001\/","excerpt":"WASHINGTON
        \u2014Two reports on Thursday revealed that Republican Sens. Richard Burr,
        N.C., and Kelly Loeffler, Ga.,\u00a0sold off significant amounts\u00a0in stocks
        shortly before financial markets plunged\u00a0because of the coronavirus pandemic.\u00a0","is_article":"1","is_index":"0","has_video":"0","has_image":"0","word_count":"561","lang":"en","time_to_read":3,"amp_url":"https:\/\/amp.usatoday.com\/amp\/2882006001","top_image_url":"https:\/\/www.gannett-cdn.com\/-mm-\/d8d0774057d19139d16e6ede624d76e89947662d\/c=1-0-1365-767\/local\/-\/media\/2019\/09\/11\/USATODAY\/usatsports\/imageforentry66-lup.jpg?width=1364&height=767&fit=crop&format=pjpg&auto=webp","domain_metadata":{"name":"USA
        TODAY","logo":"https:\/\/logo.clearbit.com\/usatoday.com?size=800","greyscale_logo":"https:\/\/logo.clearbit.com\/usatoday.com?size=800&greyscale=true"},"listen_duration_estimate":217},"2920322327":{"item_id":"2920322327","resolved_id":"2920322327","given_url":"https:\/\/phabricator.wikimedia.org\/T241180","given_title":"","favorite":"0","status":"0","time_added":"1584692862","time_updated":"1584692862","time_read":"0","time_favorited":"0","sort_id":5,"resolved_title":"RFC:
        Adopt a modern JavaScript framework for use with MediaWiki","resolved_url":"https:\/\/phabricator.wikimedia.org\/T241180","excerpt":"Platform
        Evolution is one of the five pillars of the Wikimedia Foundation''s Medium
        Term Plan. The need to evolve our platform is very evident when it comes to
        how we design, develop, and deliver experiences to users in the browser.","is_article":"1","is_index":"0","has_video":"0","has_image":"0","word_count":"1754","lang":"en","time_to_read":8,"listen_duration_estimate":679},"1993158874":{"item_id":"1993158874","resolved_id":"1993158874","given_url":"https:\/\/www.atlasobscura.com\/articles\/spotted-water-hemlock-toxic-plant","given_title":"","favorite":"0","status":"0","time_added":"1584692852","time_updated":"1584692852","time_read":"0","time_favorited":"0","sort_id":6,"resolved_title":"Meet
        the Most Toxic Plant in North America","resolved_url":"https:\/\/www.atlasobscura.com\/articles\/spotted-water-hemlock-toxic-plant","excerpt":"Within
        the expansive Apiaceae family are some of the tastiest and most versatile
        food plants in the world: carrot, celery, cumin, dill, fennel, parsley, anise,
        parsnip, coriander.","is_article":"1","is_index":"0","has_video":"0","has_image":"0","word_count":"1193","lang":"en","time_to_read":5,"amp_url":"https:\/\/www.atlasobscura.com\/articles\/spotted-water-hemlock-toxic-plant.amp","top_image_url":"https:\/\/assets.atlasobscura.com\/media\/W1siZiIsInVwbG9hZHMvYXNzZXRzLzY3M2JjYjY4ZmI0OTk5MjU3Yl9CMlRUNzUuanBnIl0sWyJwIiwiY29udmVydCIsIi1xdWFsaXR5IDgxIC1hdXRvLW9yaWVudCJdLFsicCIsInRodW1iIiwiNjAweD4iXV0\/B2TT75.jpg","domain_metadata":{"name":"Atlas
        Obscura","logo":"https:\/\/logo.clearbit.com\/atlasobscura.com?size=800","greyscale_logo":"https:\/\/logo.clearbit.com\/atlasobscura.com?size=800&greyscale=true"},"listen_duration_estimate":462},"2921182649":{"item_id":"2921182649","resolved_id":"2314811563","given_url":"http:\/\/www.skylinesort.com\/","given_title":"","favorite":"0","status":"0","time_added":"1584692846","time_updated":"1584692846","time_read":"0","time_favorited":"0","sort_id":7,"resolved_title":"","resolved_url":"http:\/\/www.skylinesort.com\/animation.html","excerpt":"","is_article":"0","is_index":"0","has_video":"0","has_image":"0","word_count":"0","lang":"en","listen_duration_estimate":0},"2921262740":{"item_id":"2921262740","resolved_id":"2921262792","given_url":"https:\/\/www.bbc.co.uk\/news\/technology-51968302","given_title":"","favorite":"0","status":"0","time_added":"1584692839","time_updated":"1584692839","time_read":"0","time_favorited":"0","sort_id":8,"resolved_title":"Netflix
        to cut streaming quality in Europe for 30 days","resolved_url":"https:\/\/www.bbc.com\/news\/technology-51968302","excerpt":"Netflix
        will reduce the video quality on its service in Europe for the next 30 days,
        to reduce the strain on internet service providers. Demand for streaming has
        increased because large parts of Europe are self-isolating at home due to
        the coronavirus outbreak.","is_article":"1","is_index":"0","has_video":"0","has_image":"1","word_count":"375","lang":"en","amp_url":"https:\/\/www.bbc.com\/news\/amp\/technology-51968302","top_image_url":"https:\/\/ichef.bbci.co.uk\/news\/1024\/branded_news\/102DA\/production\/_109566266_netflix1.jpg","domain_metadata":{"name":"BBC","logo":"https:\/\/logo.clearbit.com\/bbc.com?size=800","greyscale_logo":"https:\/\/logo.clearbit.com\/bbc.com?size=800&greyscale=true"},"listen_duration_estimate":145},"2584534597":{"item_id":"2584534597","resolved_id":"2584534597","given_url":"https:\/\/stripe.com\/gb\/atlas\/guides\/starting-sales","given_title":"","favorite":"0","status":"0","time_added":"1583223893","time_updated":"1583223893","time_read":"0","time_favorited":"0","sort_id":9,"resolved_title":"Guide
        to getting your first 10 customers","resolved_url":"https:\/\/stripe.com\/gb\/atlas\/guides\/starting-sales","excerpt":"If
        you build it, they will do absolutely\u00a0nothing. Entrepreneurs have to
        actively recruit their own few first customers.","is_article":"1","is_index":"0","has_video":"0","has_image":"1","word_count":"3701","lang":"en","time_to_read":17,"top_image_url":"https:\/\/stripe.com\/img\/v3\/atlas\/guide\/social.png","listen_duration_estimate":1433},"2252640883":{"item_id":"2252640883","resolved_id":"2252640883","given_url":"https:\/\/medium.com\/@russroberts\/i-cant-hear-you-e7a218831f07","given_title":"","favorite":"0","status":"0","time_added":"1574237085","time_updated":"1574237118","time_read":"0","time_favorited":"0","sort_id":10,"resolved_title":"The
        Outrage Epidemic","resolved_url":"https:\/\/medium.com\/@russroberts\/i-cant-hear-you-e7a218831f07","excerpt":"The
        political atmosphere in America seem to have deteriorated a lot in the last
        few years. A lot of yelling. A lot of arrogance and overconfidence. A lot
        of trusting of stories that confirm what we already believe as opposed to
        stories that challenge what we only think we know.","is_article":"1","is_index":"0","has_video":"0","has_image":"1","word_count":"3540","lang":"en","time_to_read":16,"domain_metadata":{"name":"Medium","logo":"https:\/\/logo.clearbit.com\/medium.com?size=800","greyscale_logo":"https:\/\/logo.clearbit.com\/medium.com?size=800&greyscale=true"},"listen_duration_estimate":1370},"2790937558":{"item_id":"2790937558","resolved_id":"2790937558","given_url":"https:\/\/palladiummag.com\/2019\/11\/13\/facebooks-libra-is-half-a-century-late-and-a-navy-short\/","given_title":"","favorite":"0","status":"0","time_added":"1574237070","time_updated":"1574237070","time_read":"0","time_favorited":"0","sort_id":11,"resolved_title":"Facebook\u2019s
        Libra Is Half A Century Late And A Navy Short","resolved_url":"https:\/\/palladiummag.com\/2019\/11\/13\/facebooks-libra-is-half-a-century-late-and-a-navy-short\/","excerpt":"Facebook
        has a justified reputation as a fearsome competitor with a farsighted CEO.
        So why is their latest major initiative, the global payments system Libra,
        already stillborn? For something that doesn\u2019t really exist yet, Libra
        has already caused its sponsor a lot of problems.","is_article":"1","is_index":"0","has_video":"0","has_image":"0","word_count":"4797","lang":"en","time_to_read":22,"top_image_url":"https:\/\/palladiummag.com\/wp-content\/uploads\/2019\/11\/navy-e1573601995596-600x315-cropped.jpg","listen_duration_estimate":1857},"2355078870":{"item_id":"2355078870","resolved_id":"2355078870","given_url":"https:\/\/www.epsilontheory.com\/why-ben-sasse-loses-the-game-of-you\/","given_title":"","favorite":"0","status":"0","time_added":"1574237059","time_updated":"1574237059","time_read":"0","time_favorited":"0","sort_id":12,"resolved_title":"Why
        Ben Sasse Loses the Game of You","resolved_url":"https:\/\/www.epsilontheory.com\/why-ben-sasse-loses-the-game-of-you\/","excerpt":"Ben
        Sasse, the junior US Senator from Nebraska, wrote a beautiful opinion piece
        in the Wall Street Journal last Friday, titled \u201cPolitics Can\u2019t Solve
        Our Political Problems\u201c. It\u2019s from a new book, Them: Why We Hate
        Each Other \u2013 And How to Heal, that\u2019s out this week.","is_article":"1","is_index":"0","has_video":"0","has_image":"1","word_count":"962","lang":"en","time_to_read":4,"top_image_url":"https:\/\/www.epsilontheory.com\/wp-content\/uploads\/Sasse.png","listen_duration_estimate":372}},"error":null,"search_meta":{"search_type":"normal"},"since":1584770498}'
    headers:
      Connection:
      - keep-alive
      Content-Type:
      - application/json
      Date:
      - Sat, 21 Mar 2020 06:01:38 GMT
      P3P:
      - policyref="/w3c/p3p.xml", CP="ALL CURa ADMa DEVa OUR IND UNI COM NAV INT STA
        PRE"
      Server:
      - Apache/2.4.25 (Debian)
      Set-Cookie:
      - PHPSESSID=f351cdb0a9dfa055d8ed7fd3cd45d97b; path=/; HttpOnly
      - AUTH_BEARER_default=eyJ0eXAiOiJKV1QiLCJhbGciOiJSUzUxMiJ9.eyJpYXQiOjE1ODQ3NzA0OTgsImp0aSI6Ikp1V2JDeDhtS3VQV204RXdRREhkN2JoaGN2TWprSWxCR25CM2xZZVhWMUk9IiwiaXNzIjoiZ2V0cG9ja2V0LmNvbSIsIm5iZiI6MTU4NDc3MDQ5OCwiZXhwIjoxNTg0Nzc0MDk4LCJkYXRhIjoiX3NmMl9hdHRyaWJ1dGVzfGE6MDp7fV9zeW1mb255X2ZsYXNoZXN8YTowOnt9X3NmMl9tZXRhfGE6Mzp7czoxOlwidVwiO2k6MTU4NDc3MDQ5ODtzOjE6XCJjXCI7aToxNTg0NzcwNDk4O3M6MTpcImxcIjtzOjE6XCIwXCI7fSJ9.TXXG5BxA9W9n2A5BulZumGiNpf-oLZji-cyuZIK4JDFnWUtDLi69UhMcxUS9zFMlVtF8wQvIZO3Gcic3fMGPYojYvw36w-oLLwHtJcFNsgE9w0z3jHustyIUQOFouXHo73b9WgjggTKAUKqsM55Bg_KjfzLTp4nbeT7e7b_8ffxe7Y5xND7kSjjMkii6_RF_fEhMY-2uq4pzpKA3SXnUDG7IUWgmsq7pwcGE9WcjQEGgbZOYdF0jqow8m0jDjEXV1ZZFTmWlJmUUAt8SNgGE3ZrRtgcJ8smdmXxzYkj2yVhi-FYRN2ylr51G9aQg98gStcA3JoVvSp7clt1fOFQNAQ;
        expires=Sat, 21-Mar-2020 07:01:38 GMT; Max-Age=3600; path=/; httponly
      Status:
      - 200 OK
      Transfer-Encoding:
      - chunked
      X-Frame-Options:
      - SAMEORIGIN
      X-Limit-Key-Limit:
      - '10000'
      X-Limit-Key-Remaining:
      - '9995'
      X-Limit-Key-Reset:
      - '3378'
      X-Limit-User-Limit:
      - '500'
      X-Limit-User-Remaining:
      - '495'
      X-Limit-User-Reset:
      - '3378'
      X-Source:
      - Pocket
    status:
      code: 200
      message: OK
- request:
    body: since=1584770498.0&consumer_key=89637-221483d05a2ec63b063254ae&access_token=8aabb187-be11-3c9c-9aff-817383&state=unread
    headers:
      Accept:
      - '*/*'
      Accept-Encoding:
      - gzip, deflate
      Connection:
      - keep-alive
      Content-Length:
      - '119'
      Content-Type:
      - application/x-www-form-urlencoded
      User-Agent:
      - python-requests/2.22.0
    method: POST
    uri: https://getpocket.com/v3/get
  response:
    body:
      string: '{"status":2,"complete":1,"list":[],"error":null,"search_meta":{"search_type":"normal"},"since":1584770499}'
    headers:
      Connection:
      - keep-alive
      Content-Length:
      - '106'
      Content-Type:
      - application/json
      Date:
      - Sat, 21 Mar 2020 06:01:39 GMT
      P3P:
      - policyref="/w3c/p3p.xml", CP="ALL CURa ADMa DEVa OUR IND UNI COM NAV INT STA
        PRE"
      Server:
      - Apache/2.4.25 (Debian)
      Set-Cookie:
      - PHPSESSID=aa29c4fb71dc0edac3210eede956d46c; path=/; HttpOnly
      - AUTH_BEARER_default=eyJ0eXAiOiJKV1QiLCJhbGciOiJSUzUxMiJ9.eyJpYXQiOjE1ODQ3NzA0OTksImp0aSI6ImdoaDBhQm1Td3FDRnV6TGJHTVhmd2wzaW1TTE9QYmMwZlJ4WDB5WlhENTA9IiwiaXNzIjoiZ2V0cG9ja2V0LmNvbSIsIm5iZiI6MTU4NDc3MDQ5OSwiZXhwIjoxNTg0Nzc0MDk5LCJkYXRhIjoiX3NmMl9hdHRyaWJ1dGVzfGE6MDp7fV9zeW1mb255X2ZsYXNoZXN8YTowOnt9X3NmMl9tZXRhfGE6Mzp7czoxOlwidVwiO2k6MTU4NDc3MDQ5OTtzOjE6XCJjXCI7aToxNTg0NzcwNDk5O3M6MTpcImxcIjtzOjE6XCIwXCI7fSJ9.SSJpPML7GUEWYjE8jZmPVq2rDODWfVTopQjWzEBVyPJc7AP4EY4SHeQoslX_tWWaUzwPbDcVYxNk55kSo0-Y8yyTcdynQi0GwD-p-SddwJ7AcWYJutjv1lChWMqWg-vRj_y0AFFUCcsy7nD1LRMiizouoQazkJuv36uUluI07EJuefueqCp-vx4M6tfMY-76qmvGaVAW_QzJhuQ5R3OjYZlAYLrBt1YcN050BGB7nMoSYxcbBrhlPue9Gt_8vFfYVQWwPSZzbRWqY5oG1WaPuQ8W--vhRQnPhVJhJNzwASdSAJSw4FXH30ajnazHPGhkU7PEo-aw5UmthtgSGuy4bw;
        expires=Sat, 21-Mar-2020 07:01:39 GMT; Max-Age=3600; path=/; httponly
      Status:
      - 200 OK
      X-Frame-Options:
      - SAMEORIGIN
      X-Limit-Key-Limit:
      - '10000'
      X-Limit-Key-Remaining:
      - '9994'
      X-Limit-Key-Reset:
      - '3377'
      X-Limit-User-Limit:
      - '500'
      X-Limit-User-Remaining:
      - '494'
      X-Limit-User-Reset:
      - '3377'
      X-Source:
      - Pocket
    status:
      code: 200
      message: OK
version: 1
