interactions:
- request:
    body: x_auth_username=blah2%40gmail.com&x_auth_password=wrongpassword&x_auth_mode=client_auth
    headers:
      Accept:
      - !!binary |
        Ki8q
      Accept-Encoding:
      - !!binary |
        Z3ppcCwgZGVmbGF0ZQ==
      Authorization:
      - !!binary |
        T0F1dGggb2F1dGhfbm9uY2U9IjEwODIxODg3MDU0NTYyODU5MDA2MTU4NDYwNDAxNiIsIG9hdXRo
        X3RpbWVzdGFtcD0iMTU4NDYwNDAxNiIsIG9hdXRoX3ZlcnNpb249IjEuMCIsIG9hdXRoX3NpZ25h
        dHVyZV9tZXRob2Q9IkhNQUMtU0hBMSIsIG9hdXRoX2NvbnN1bWVyX2tleT0iYjVkOTk4NTM4MTkz
        NGVjODgyMjFhZjhhZDMxMmM0YTMiLCBvYXV0aF9zaWduYXR1cmU9Ikppb3hUVDhuJTJCV3U2Yms5
        SiUyQnhEWENiZGNIN0klM0Qi
      Connection:
      - !!binary |
        a2VlcC1hbGl2ZQ==
      Content-Length:
      - '87'
      Content-Type:
      - !!binary |
        YXBwbGljYXRpb24veC13d3ctZm9ybS11cmxlbmNvZGVk
      User-Agent:
      - !!binary |
        cHl0aG9uLXJlcXVlc3RzLzIuMjIuMA==
    method: POST
    uri: https://www.instapaper.com/api/1/oauth/access_token
  response:
    body:
      string: '<html><title>401: Unauthorized</title><body>401: Unauthorized</body></html>'
    headers:
      Connection:
      - keep-alive
      Content-Length:
      - '75'
      Content-Type:
      - text/html; charset=UTF-8
      Date:
      - Thu, 19 Mar 2020 07:46:56 GMT
      Server:
      - nginx/1.16.1
    status:
      code: 401
      message: Unauthorized
version: 1
