interactions:
- request:
    body: x_auth_username=rahul%40getpulp.io&x_auth_password=pulptesting&x_auth_mode=client_auth
    headers:
      Accept:
      - !!binary |
        Ki8q
      Accept-Encoding:
      - !!binary |
        Z3ppcCwgZGVmbGF0ZQ==
      Authorization:
      - !!binary |
        T0F1dGggb2F1dGhfbm9uY2U9IjE3Mjk5OTQ3ODEyODkwMjQ2MzQ4MTU4NDYxMTA1NSIsIG9hdXRo
        X3RpbWVzdGFtcD0iMTU4NDYxMTA1NSIsIG9hdXRoX3ZlcnNpb249IjEuMCIsIG9hdXRoX3NpZ25h
        dHVyZV9tZXRob2Q9IkhNQUMtU0hBMSIsIG9hdXRoX2NvbnN1bWVyX2tleT0iYjVkOTk4NTM4MTkz
        NGVjODgyMjFhZjhhZDMxMmM0YTMiLCBvYXV0aF9zaWduYXR1cmU9IjYxeWpxNEhIS2dwU0o0Z0pW
        Nk5iOHVLOGNLMCUzRCI=
      Connection:
      - !!binary |
        a2VlcC1hbGl2ZQ==
      Content-Length:
      - '86'
      Content-Type:
      - !!binary |
        YXBwbGljYXRpb24veC13d3ctZm9ybS11cmxlbmNvZGVk
      User-Agent:
      - !!binary |
        cHl0aG9uLXJlcXVlc3RzLzIuMjIuMA==
    method: POST
    uri: https://www.instapaper.com/api/1/oauth/access_token
  response:
    body:
      string: !!binary |
        H4sIAAAAAAAAA0XLMQ6AIAwAwN+4lxZbBt5CSmljYiKJ4v8dvf2mvutoa55+tcft9lVBNRJoNtCg
        UJLhKl4YA7p0tm3+p3IKYxPMiDvtNAS9jBQEMkrhjB9+4VfoYAAAAA==
    headers:
      Cache-Control:
      - no-cache
      Connection:
      - keep-alive
      Content-Encoding:
      - gzip
      Content-Length:
      - '97'
      Content-Type:
      - text/html; charset=UTF-8
      Date:
      - Thu, 19 Mar 2020 09:44:16 GMT
      Pragma:
      - no-cache
      Server:
      - nginx/1.16.1
      X-Powered-By:
      - a lot of coffee and Phish
    status:
      code: 200
      message: OK
version: 1
